0 info it worked if it ends with ok
1 verbose cli [ '/usr/bin/node', '/usr/bin/npm', 'run', 'production' ]
2 info using npm@3.5.2
3 info using node@v8.10.0
4 verbose run-script [ 'preproduction', 'production', 'postproduction' ]
5 info lifecycle orse_eventos@~preproduction: orse_eventos@
6 silly lifecycle orse_eventos@~preproduction: no script for preproduction, continuing
7 info lifecycle orse_eventos@~production: orse_eventos@
8 verbose lifecycle orse_eventos@~production: unsafe-perm in lifecycle true
9 verbose lifecycle orse_eventos@~production: PATH: /usr/share/npm/bin/node-gyp-bin:/var/www/orse_d/web/themes/custom/orse_eventos/node_modules/.bin:/usr/local/sbin:/usr/local/bin:/usr/sbin:/usr/bin:/sbin:/bin:/usr/games:/usr/local/games:/snap/bin
10 verbose lifecycle orse_eventos@~production: CWD: /var/www/orse_d/web/themes/custom/orse_eventos
11 silly lifecycle orse_eventos@~production: Args: [ '-c',
11 silly lifecycle   'cross-env NODE_ENV=production node_modules/webpack/bin/webpack.js --progress --hide-modules --config=node_modules/laravel-mix/setup/webpack.config.js' ]
12 info lifecycle orse_eventos@~production: Failed to exec production script
13 verbose stack Error: orse_eventos@ production: `cross-env NODE_ENV=production node_modules/webpack/bin/webpack.js --progress --hide-modules --config=node_modules/laravel-mix/setup/webpack.config.js`
13 verbose stack spawn ENOENT
13 verbose stack     at ChildProcess.<anonymous> (/usr/share/npm/lib/utils/spawn.js:17:16)
13 verbose stack     at emitTwo (events.js:126:13)
13 verbose stack     at ChildProcess.emit (events.js:214:7)
13 verbose stack     at maybeClose (internal/child_process.js:925:16)
13 verbose stack     at Process.ChildProcess._handle.onexit (internal/child_process.js:209:5)
14 verbose pkgid orse_eventos@
15 verbose cwd /var/www/orse_d/web/themes/custom/orse_eventos
16 error Linux 4.15.0
17 error argv "/usr/bin/node" "/usr/bin/npm" "run" "production"
18 error node v8.10.0
19 error npm  v3.5.2
20 error file sh
21 error code ELIFECYCLE
22 error errno ENOENT
23 error syscall spawn
24 error orse_eventos@ production: `cross-env NODE_ENV=production node_modules/webpack/bin/webpack.js --progress --hide-modules --config=node_modules/laravel-mix/setup/webpack.config.js`
24 error spawn ENOENT
25 error Failed at the orse_eventos@ production script 'cross-env NODE_ENV=production node_modules/webpack/bin/webpack.js --progress --hide-modules --config=node_modules/laravel-mix/setup/webpack.config.js'.
25 error Make sure you have the latest version of node.js and npm installed.
25 error If you do, this is most likely a problem with the orse_eventos package,
25 error not with npm itself.
25 error Tell the author that this fails on your system:
25 error     cross-env NODE_ENV=production node_modules/webpack/bin/webpack.js --progress --hide-modules --config=node_modules/laravel-mix/setup/webpack.config.js
25 error You can get information on how to open an issue for this project with:
25 error     npm bugs orse_eventos
25 error Or if that isn't available, you can get their info via:
25 error     npm owner ls orse_eventos
25 error There is likely additional logging output above.
26 verbose exit [ 1, true ]
