<?php return array (
  0 => 'Symfony\\Bundle\\FrameworkBundle\\Controller\\AbstractController',
  1 => 'Symfony\\Bundle\\FrameworkBundle\\Controller\\Controller',
  2 => 'Bazinga\\OAuthServerBundle\\Controller\\LoginController',
  3 => 'Bazinga\\OAuthServerBundle\\Controller\\ServerController',
  4 => 'Debril\\RssAtomBundle\\Controller\\StreamController',
  5 => 'Doctrine\\Bundle\\DoctrineBundle\\Controller\\ProfilerController',
  6 => 'Doctrine\\ORM\\Cache\\Persister\\Entity\\AbstractEntityPersister',
  7 => 'Doctrine\\ORM\\Cache\\Persister\\Entity\\CachedEntityPersister',
  8 => 'Doctrine\\ORM\\Cache\\Persister\\Entity\\NonStrictReadWriteCachedEntityPersister',
  9 => 'Doctrine\\ORM\\Cache\\Persister\\Entity\\ReadOnlyCachedEntityPersister',
  10 => 'Doctrine\\ORM\\Cache\\Persister\\Entity\\ReadWriteCachedEntityPersister',
  11 => 'Doctrine\\ORM\\Persisters\\Entity\\AbstractEntityInheritancePersister',
  12 => 'Doctrine\\ORM\\Persisters\\Entity\\BasicEntityPersister',
  13 => 'Doctrine\\ORM\\Persisters\\Entity\\CachedPersisterContext',
  14 => 'Doctrine\\ORM\\Persisters\\Entity\\EntityPersister',
  15 => 'Doctrine\\ORM\\Persisters\\Entity\\JoinedSubclassPersister',
  16 => 'Doctrine\\ORM\\Persisters\\Entity\\SingleTablePersister',
  17 => 'FM\\ElfinderBundle\\Controller\\ElFinderController',
  18 => 'FOS\\OAuthServerBundle\\Controller\\AuthorizeController',
  19 => 'FOS\\OAuthServerBundle\\Controller\\TokenController',
  20 => 'FOS\\OAuthServerBundle\\Entity\\AccessToken',
  21 => 'FOS\\OAuthServerBundle\\Entity\\AccessTokenManager',
  22 => 'FOS\\OAuthServerBundle\\Entity\\AuthCode',
  23 => 'FOS\\OAuthServerBundle\\Entity\\AuthCodeManager',
  24 => 'FOS\\OAuthServerBundle\\Entity\\Client',
  25 => 'FOS\\OAuthServerBundle\\Entity\\ClientManager',
  26 => 'FOS\\OAuthServerBundle\\Entity\\RefreshToken',
  27 => 'FOS\\OAuthServerBundle\\Entity\\RefreshTokenManager',
  28 => 'FOS\\OAuthServerBundle\\Entity\\TokenManager',
  29 => 'FOS\\RestBundle\\Controller\\AbstractFOSRestController',
  30 => 'FOS\\RestBundle\\Controller\\Annotations\\AbstractParam',
  31 => 'FOS\\RestBundle\\Controller\\Annotations\\AbstractScalarParam',
  32 => 'FOS\\RestBundle\\Controller\\Annotations\\Copy',
  33 => 'FOS\\RestBundle\\Controller\\Annotations\\Delete',
  34 => 'FOS\\RestBundle\\Controller\\Annotations\\FileParam',
  35 => 'FOS\\RestBundle\\Controller\\Annotations\\Get',
  36 => 'FOS\\RestBundle\\Controller\\Annotations\\Head',
  37 => 'FOS\\RestBundle\\Controller\\Annotations\\Link',
  38 => 'FOS\\RestBundle\\Controller\\Annotations\\Lock',
  39 => 'FOS\\RestBundle\\Controller\\Annotations\\Mkcol',
  40 => 'FOS\\RestBundle\\Controller\\Annotations\\Move',
  41 => 'FOS\\RestBundle\\Controller\\Annotations\\NamePrefix',
  42 => 'FOS\\RestBundle\\Controller\\Annotations\\NoRoute',
  43 => 'FOS\\RestBundle\\Controller\\Annotations\\Options',
  44 => 'FOS\\RestBundle\\Controller\\Annotations\\ParamInterface',
  45 => 'FOS\\RestBundle\\Controller\\Annotations\\Patch',
  46 => 'FOS\\RestBundle\\Controller\\Annotations\\Post',
  47 => 'FOS\\RestBundle\\Controller\\Annotations\\Prefix',
  48 => 'FOS\\RestBundle\\Controller\\Annotations\\PropFind',
  49 => 'FOS\\RestBundle\\Controller\\Annotations\\PropPatch',
  50 => 'FOS\\RestBundle\\Controller\\Annotations\\Put',
  51 => 'FOS\\RestBundle\\Controller\\Annotations\\QueryParam',
  52 => 'FOS\\RestBundle\\Controller\\Annotations\\RequestParam',
  53 => 'FOS\\RestBundle\\Controller\\Annotations\\Route',
  54 => 'FOS\\RestBundle\\Controller\\Annotations\\RouteResource',
  55 => 'FOS\\RestBundle\\Controller\\Annotations\\Unlink',
  56 => 'FOS\\RestBundle\\Controller\\Annotations\\Unlock',
  57 => 'FOS\\RestBundle\\Controller\\Annotations\\Version',
  58 => 'FOS\\RestBundle\\Controller\\Annotations\\View',
  59 => 'FOS\\RestBundle\\Controller\\ControllerTrait',
  60 => 'FOS\\RestBundle\\Controller\\ExceptionController',
  61 => 'FOS\\RestBundle\\Controller\\FOSRestController',
  62 => 'FOS\\RestBundle\\Controller\\TemplatingExceptionController',
  63 => 'FOS\\RestBundle\\Controller\\TwigExceptionController',
  64 => 'LightSaml\\Action\\Profile\\Entity\\SerializeOwnEntityAction',
  65 => 'LightSaml\\SpBundle\\Controller\\DefaultController',
  66 => 'MauticPlugin\\MauticCitrixBundle\\Controller\\PublicController',
  67 => 'MauticPlugin\\MauticCitrixBundle\\Entity\\CitrixEvent',
  68 => 'MauticPlugin\\MauticCitrixBundle\\Entity\\CitrixEventRepository',
  69 => 'MauticPlugin\\MauticCitrixBundle\\Entity\\CitrixEventTypes',
  70 => 'MauticPlugin\\MauticClearbitBundle\\Controller\\ClearbitController',
  71 => 'MauticPlugin\\MauticClearbitBundle\\Controller\\PublicController',
  72 => 'MauticPlugin\\MauticCrmBundle\\Controller\\PipedriveController',
  73 => 'MauticPlugin\\MauticCrmBundle\\Controller\\PublicController',
  74 => 'MauticPlugin\\MauticCrmBundle\\Entity\\PipedriveOwner',
  75 => 'MauticPlugin\\MauticFocusBundle\\Controller\\AjaxController',
  76 => 'MauticPlugin\\MauticFocusBundle\\Controller\\Api\\FocusApiController',
  77 => 'MauticPlugin\\MauticFocusBundle\\Controller\\FocusController',
  78 => 'MauticPlugin\\MauticFocusBundle\\Controller\\PublicController',
  79 => 'MauticPlugin\\MauticFocusBundle\\Entity\\Focus',
  80 => 'MauticPlugin\\MauticFocusBundle\\Entity\\FocusRepository',
  81 => 'MauticPlugin\\MauticFocusBundle\\Entity\\Stat',
  82 => 'MauticPlugin\\MauticFocusBundle\\Entity\\StatRepository',
  83 => 'MauticPlugin\\MauticFullContactBundle\\Controller\\FullContactController',
  84 => 'MauticPlugin\\MauticFullContactBundle\\Controller\\PublicController',
  85 => 'MauticPlugin\\MauticSocialBundle\\Controller\\AjaxController',
  86 => 'MauticPlugin\\MauticSocialBundle\\Controller\\Api\\TweetApiController',
  87 => 'MauticPlugin\\MauticSocialBundle\\Controller\\JsController',
  88 => 'MauticPlugin\\MauticSocialBundle\\Controller\\MonitoringController',
  89 => 'MauticPlugin\\MauticSocialBundle\\Controller\\TweetController',
  90 => 'MauticPlugin\\MauticSocialBundle\\Entity\\Lead',
  91 => 'MauticPlugin\\MauticSocialBundle\\Entity\\LeadRepository',
  92 => 'MauticPlugin\\MauticSocialBundle\\Entity\\Monitoring',
  93 => 'MauticPlugin\\MauticSocialBundle\\Entity\\MonitoringRepository',
  94 => 'MauticPlugin\\MauticSocialBundle\\Entity\\PostCount',
  95 => 'MauticPlugin\\MauticSocialBundle\\Entity\\PostCountRepository',
  96 => 'MauticPlugin\\MauticSocialBundle\\Entity\\Tweet',
  97 => 'MauticPlugin\\MauticSocialBundle\\Entity\\TweetRepository',
  98 => 'MauticPlugin\\MauticSocialBundle\\Entity\\TweetStat',
  99 => 'MauticPlugin\\MauticSocialBundle\\Entity\\TweetStatRepository',
  100 => 'Mautic\\ApiBundle\\Controller\\ClientController',
  101 => 'Mautic\\ApiBundle\\Controller\\CommonApiController',
  102 => 'Mautic\\ApiBundle\\Controller\\oAuth1\\AuthorizeController',
  103 => 'Mautic\\ApiBundle\\Controller\\oAuth1\\SecurityController',
  104 => 'Mautic\\ApiBundle\\Controller\\oAuth2\\AuthorizeController',
  105 => 'Mautic\\ApiBundle\\Controller\\oAuth2\\SecurityController',
  106 => 'Mautic\\ApiBundle\\Entity\\oAuth1\\AccessToken',
  107 => 'Mautic\\ApiBundle\\Entity\\oAuth1\\Consumer',
  108 => 'Mautic\\ApiBundle\\Entity\\oAuth1\\ConsumerRepository',
  109 => 'Mautic\\ApiBundle\\Entity\\oAuth1\\Nonce',
  110 => 'Mautic\\ApiBundle\\Entity\\oAuth1\\NonceRepository',
  111 => 'Mautic\\ApiBundle\\Entity\\oAuth1\\RequestToken',
  112 => 'Mautic\\ApiBundle\\Entity\\oAuth2\\AccessToken',
  113 => 'Mautic\\ApiBundle\\Entity\\oAuth2\\AuthCode',
  114 => 'Mautic\\ApiBundle\\Entity\\oAuth2\\Client',
  115 => 'Mautic\\ApiBundle\\Entity\\oAuth2\\ClientRepository',
  116 => 'Mautic\\ApiBundle\\Entity\\oAuth2\\RefreshToken',
  117 => 'Mautic\\AssetBundle\\Controller\\AjaxController',
  118 => 'Mautic\\AssetBundle\\Controller\\Api\\AssetApiController',
  119 => 'Mautic\\AssetBundle\\Controller\\AssetController',
  120 => 'Mautic\\AssetBundle\\Controller\\PublicController',
  121 => 'Mautic\\AssetBundle\\Controller\\UploadController',
  122 => 'Mautic\\AssetBundle\\Entity\\Asset',
  123 => 'Mautic\\AssetBundle\\Entity\\AssetRepository',
  124 => 'Mautic\\AssetBundle\\Entity\\Download',
  125 => 'Mautic\\AssetBundle\\Entity\\DownloadRepository',
  126 => 'Mautic\\CalendarBundle\\Controller\\AjaxController',
  127 => 'Mautic\\CalendarBundle\\Controller\\DefaultController',
  128 => 'Mautic\\CampaignBundle\\Controller\\AjaxController',
  129 => 'Mautic\\CampaignBundle\\Controller\\Api\\CampaignApiController',
  130 => 'Mautic\\CampaignBundle\\Controller\\Api\\EventApiController',
  131 => 'Mautic\\CampaignBundle\\Controller\\Api\\EventLogApiController',
  132 => 'Mautic\\CampaignBundle\\Controller\\CampaignController',
  133 => 'Mautic\\CampaignBundle\\Controller\\EventController',
  134 => 'Mautic\\CampaignBundle\\Controller\\SourceController',
  135 => 'Mautic\\CampaignBundle\\Entity\\Campaign',
  136 => 'Mautic\\CampaignBundle\\Entity\\CampaignRepository',
  137 => 'Mautic\\CampaignBundle\\Entity\\ChannelInterface',
  138 => 'Mautic\\CampaignBundle\\Entity\\ContactLimiterTrait',
  139 => 'Mautic\\CampaignBundle\\Entity\\Event',
  140 => 'Mautic\\CampaignBundle\\Entity\\EventRepository',
  141 => 'Mautic\\CampaignBundle\\Entity\\FailedLeadEventLog',
  142 => 'Mautic\\CampaignBundle\\Entity\\FailedLeadEventLogRepository',
  143 => 'Mautic\\CampaignBundle\\Entity\\Lead',
  144 => 'Mautic\\CampaignBundle\\Entity\\LeadEventLog',
  145 => 'Mautic\\CampaignBundle\\Entity\\LeadEventLogRepository',
  146 => 'Mautic\\CampaignBundle\\Entity\\LeadRepository',
  147 => 'Mautic\\CampaignBundle\\Entity\\Result\\CountResult',
  148 => 'Mautic\\CampaignBundle\\Entity\\SlaveConnectionTrait',
  149 => 'Mautic\\CategoryBundle\\Controller\\AjaxController',
  150 => 'Mautic\\CategoryBundle\\Controller\\Api\\CategoryApiController',
  151 => 'Mautic\\CategoryBundle\\Controller\\BatchContactController',
  152 => 'Mautic\\CategoryBundle\\Controller\\CategoryController',
  153 => 'Mautic\\CategoryBundle\\Entity\\Category',
  154 => 'Mautic\\CategoryBundle\\Entity\\CategoryRepository',
  155 => 'Mautic\\ChannelBundle\\Controller\\AjaxController',
  156 => 'Mautic\\ChannelBundle\\Controller\\Api\\MessageApiController',
  157 => 'Mautic\\ChannelBundle\\Controller\\BatchContactController',
  158 => 'Mautic\\ChannelBundle\\Controller\\MessageController',
  159 => 'Mautic\\ChannelBundle\\Entity\\Channel',
  160 => 'Mautic\\ChannelBundle\\Entity\\Message',
  161 => 'Mautic\\ChannelBundle\\Entity\\MessageQueue',
  162 => 'Mautic\\ChannelBundle\\Entity\\MessageQueueRepository',
  163 => 'Mautic\\ChannelBundle\\Entity\\MessageRepository',
  164 => 'Mautic\\ConfigBundle\\Controller\\ConfigController',
  165 => 'Mautic\\ConfigBundle\\Controller\\SysinfoController',
  166 => 'Mautic\\CoreBundle\\Controller\\AbstractFormController',
  167 => 'Mautic\\CoreBundle\\Controller\\AbstractModalFormController',
  168 => 'Mautic\\CoreBundle\\Controller\\AbstractStandardFormController',
  169 => 'Mautic\\CoreBundle\\Controller\\AjaxController',
  170 => 'Mautic\\CoreBundle\\Controller\\AjaxLookupControllerTrait',
  171 => 'Mautic\\CoreBundle\\Controller\\Api\\FileApiController',
  172 => 'Mautic\\CoreBundle\\Controller\\Api\\StatsApiController',
  173 => 'Mautic\\CoreBundle\\Controller\\Api\\ThemeApiController',
  174 => 'Mautic\\CoreBundle\\Controller\\BuilderControllerTrait',
  175 => 'Mautic\\CoreBundle\\Controller\\CommonController',
  176 => 'Mautic\\CoreBundle\\Controller\\DefaultController',
  177 => 'Mautic\\CoreBundle\\Controller\\ExceptionController',
  178 => 'Mautic\\CoreBundle\\Controller\\FileController',
  179 => 'Mautic\\CoreBundle\\Controller\\FormController',
  180 => 'Mautic\\CoreBundle\\Controller\\FormErrorMessagesTrait',
  181 => 'Mautic\\CoreBundle\\Controller\\FormThemeTrait',
  182 => 'Mautic\\CoreBundle\\Controller\\JsController',
  183 => 'Mautic\\CoreBundle\\Controller\\MauticController',
  184 => 'Mautic\\CoreBundle\\Controller\\ThemeController',
  185 => 'Mautic\\CoreBundle\\Controller\\UpdateController',
  186 => 'Mautic\\CoreBundle\\Controller\\VariantAjaxControllerTrait',
  187 => 'Mautic\\CoreBundle\\Entity\\AuditLog',
  188 => 'Mautic\\CoreBundle\\Entity\\AuditLogRepository',
  189 => 'Mautic\\CoreBundle\\Entity\\Cache',
  190 => 'Mautic\\CoreBundle\\Entity\\CommonEntity',
  191 => 'Mautic\\CoreBundle\\Entity\\CommonRepository',
  192 => 'Mautic\\CoreBundle\\Entity\\DeprecatedInterface',
  193 => 'Mautic\\CoreBundle\\Entity\\DynamicContentEntityTrait',
  194 => 'Mautic\\CoreBundle\\Entity\\FiltersEntityTrait',
  195 => 'Mautic\\CoreBundle\\Entity\\FormEntity',
  196 => 'Mautic\\CoreBundle\\Entity\\IpAddress',
  197 => 'Mautic\\CoreBundle\\Entity\\IpAddressRepository',
  198 => 'Mautic\\CoreBundle\\Entity\\Notification',
  199 => 'Mautic\\CoreBundle\\Entity\\NotificationRepository',
  200 => 'Mautic\\CoreBundle\\Entity\\TranslationEntityInterface',
  201 => 'Mautic\\CoreBundle\\Entity\\TranslationEntityTrait',
  202 => 'Mautic\\CoreBundle\\Entity\\VariantEntityInterface',
  203 => 'Mautic\\CoreBundle\\Entity\\VariantEntityTrait',
  204 => 'Mautic\\DashboardBundle\\Controller\\AjaxController',
  205 => 'Mautic\\DashboardBundle\\Controller\\Api\\WidgetApiController',
  206 => 'Mautic\\DashboardBundle\\Controller\\DashboardController',
  207 => 'Mautic\\DashboardBundle\\Entity\\Widget',
  208 => 'Mautic\\DashboardBundle\\Entity\\WidgetRepository',
  209 => 'Mautic\\DynamicContentBundle\\Controller\\AjaxController',
  210 => 'Mautic\\DynamicContentBundle\\Controller\\Api\\DynamicContentApiController',
  211 => 'Mautic\\DynamicContentBundle\\Controller\\DynamicContentApiController',
  212 => 'Mautic\\DynamicContentBundle\\Controller\\DynamicContentController',
  213 => 'Mautic\\DynamicContentBundle\\Entity\\DynamicContent',
  214 => 'Mautic\\DynamicContentBundle\\Entity\\DynamicContentLeadData',
  215 => 'Mautic\\DynamicContentBundle\\Entity\\DynamicContentLeadDataRepository',
  216 => 'Mautic\\DynamicContentBundle\\Entity\\DynamicContentRepository',
  217 => 'Mautic\\DynamicContentBundle\\Entity\\Stat',
  218 => 'Mautic\\DynamicContentBundle\\Entity\\StatRepository',
  219 => 'Mautic\\EmailBundle\\Controller\\AjaxController',
  220 => 'Mautic\\EmailBundle\\Controller\\Api\\EmailApiController',
  221 => 'Mautic\\EmailBundle\\Controller\\EmailController',
  222 => 'Mautic\\EmailBundle\\Controller\\EmailGraphStatsController',
  223 => 'Mautic\\EmailBundle\\Controller\\PublicController',
  224 => 'Mautic\\EmailBundle\\Entity\\Copy',
  225 => 'Mautic\\EmailBundle\\Entity\\CopyRepository',
  226 => 'Mautic\\EmailBundle\\Entity\\Email',
  227 => 'Mautic\\EmailBundle\\Entity\\EmailReply',
  228 => 'Mautic\\EmailBundle\\Entity\\EmailReplyRepository',
  229 => 'Mautic\\EmailBundle\\Entity\\EmailReplyRepositoryInterface',
  230 => 'Mautic\\EmailBundle\\Entity\\EmailRepository',
  231 => 'Mautic\\EmailBundle\\Entity\\Stat',
  232 => 'Mautic\\EmailBundle\\Entity\\StatDevice',
  233 => 'Mautic\\EmailBundle\\Entity\\StatDeviceRepository',
  234 => 'Mautic\\EmailBundle\\Entity\\StatRepository',
  235 => 'Mautic\\FormBundle\\Controller\\ActionController',
  236 => 'Mautic\\FormBundle\\Controller\\AjaxController',
  237 => 'Mautic\\FormBundle\\Controller\\Api\\FormApiController',
  238 => 'Mautic\\FormBundle\\Controller\\Api\\SubmissionApiController',
  239 => 'Mautic\\FormBundle\\Controller\\FieldController',
  240 => 'Mautic\\FormBundle\\Controller\\FormController',
  241 => 'Mautic\\FormBundle\\Controller\\PublicController',
  242 => 'Mautic\\FormBundle\\Controller\\ResultController',
  243 => 'Mautic\\FormBundle\\Entity\\Action',
  244 => 'Mautic\\FormBundle\\Entity\\ActionRepository',
  245 => 'Mautic\\FormBundle\\Entity\\Field',
  246 => 'Mautic\\FormBundle\\Entity\\FieldRepository',
  247 => 'Mautic\\FormBundle\\Entity\\Form',
  248 => 'Mautic\\FormBundle\\Entity\\FormRepository',
  249 => 'Mautic\\FormBundle\\Entity\\Submission',
  250 => 'Mautic\\FormBundle\\Entity\\SubmissionRepository',
  251 => 'Mautic\\InstallBundle\\Controller\\InstallController',
  252 => 'Mautic\\IntegrationsBundle\\Controller\\AuthController',
  253 => 'Mautic\\IntegrationsBundle\\Controller\\ConfigController',
  254 => 'Mautic\\IntegrationsBundle\\Controller\\FieldPaginationController',
  255 => 'Mautic\\IntegrationsBundle\\Controller\\UpdateFieldController',
  256 => 'Mautic\\IntegrationsBundle\\Entity\\FieldChange',
  257 => 'Mautic\\IntegrationsBundle\\Entity\\FieldChangeRepository',
  258 => 'Mautic\\IntegrationsBundle\\Entity\\ObjectMapping',
  259 => 'Mautic\\IntegrationsBundle\\Entity\\ObjectMappingRepository',
  260 => 'Mautic\\LeadBundle\\Controller\\AjaxController',
  261 => 'Mautic\\LeadBundle\\Controller\\Api\\CompanyApiController',
  262 => 'Mautic\\LeadBundle\\Controller\\Api\\CustomFieldsApiControllerTrait',
  263 => 'Mautic\\LeadBundle\\Controller\\Api\\DeviceApiController',
  264 => 'Mautic\\LeadBundle\\Controller\\Api\\FieldApiController',
  265 => 'Mautic\\LeadBundle\\Controller\\Api\\LeadApiController',
  266 => 'Mautic\\LeadBundle\\Controller\\Api\\ListApiController',
  267 => 'Mautic\\LeadBundle\\Controller\\Api\\NoteApiController',
  268 => 'Mautic\\LeadBundle\\Controller\\Api\\TagApiController',
  269 => 'Mautic\\LeadBundle\\Controller\\AuditlogController',
  270 => 'Mautic\\LeadBundle\\Controller\\BatchSegmentController',
  271 => 'Mautic\\LeadBundle\\Controller\\CompanyController',
  272 => 'Mautic\\LeadBundle\\Controller\\EntityContactsTrait',
  273 => 'Mautic\\LeadBundle\\Controller\\FieldController',
  274 => 'Mautic\\LeadBundle\\Controller\\FrequencyRuleTrait',
  275 => 'Mautic\\LeadBundle\\Controller\\ImportController',
  276 => 'Mautic\\LeadBundle\\Controller\\LeadAccessTrait',
  277 => 'Mautic\\LeadBundle\\Controller\\LeadController',
  278 => 'Mautic\\LeadBundle\\Controller\\LeadDetailsTrait',
  279 => 'Mautic\\LeadBundle\\Controller\\ListController',
  280 => 'Mautic\\LeadBundle\\Controller\\NoteController',
  281 => 'Mautic\\LeadBundle\\Controller\\TimelineController',
  282 => 'Mautic\\LeadBundle\\Entity\\Company',
  283 => 'Mautic\\LeadBundle\\Entity\\CompanyChangeLog',
  284 => 'Mautic\\LeadBundle\\Entity\\CompanyChangeLogRepository',
  285 => 'Mautic\\LeadBundle\\Entity\\CompanyLead',
  286 => 'Mautic\\LeadBundle\\Entity\\CompanyLeadRepository',
  287 => 'Mautic\\LeadBundle\\Entity\\CompanyRepository',
  288 => 'Mautic\\LeadBundle\\Entity\\CustomFieldEntityInterface',
  289 => 'Mautic\\LeadBundle\\Entity\\CustomFieldEntityTrait',
  290 => 'Mautic\\LeadBundle\\Entity\\CustomFieldRepositoryInterface',
  291 => 'Mautic\\LeadBundle\\Entity\\CustomFieldRepositoryTrait',
  292 => 'Mautic\\LeadBundle\\Entity\\DoNotContact',
  293 => 'Mautic\\LeadBundle\\Entity\\DoNotContactRepository',
  294 => 'Mautic\\LeadBundle\\Entity\\ExpressionHelperTrait',
  295 => 'Mautic\\LeadBundle\\Entity\\FrequencyRule',
  296 => 'Mautic\\LeadBundle\\Entity\\FrequencyRuleRepository',
  297 => 'Mautic\\LeadBundle\\Entity\\Import',
  298 => 'Mautic\\LeadBundle\\Entity\\ImportRepository',
  299 => 'Mautic\\LeadBundle\\Entity\\Lead',
  300 => 'Mautic\\LeadBundle\\Entity\\LeadCategory',
  301 => 'Mautic\\LeadBundle\\Entity\\LeadCategoryRepository',
  302 => 'Mautic\\LeadBundle\\Entity\\LeadDevice',
  303 => 'Mautic\\LeadBundle\\Entity\\LeadDeviceRepository',
  304 => 'Mautic\\LeadBundle\\Entity\\LeadEventLog',
  305 => 'Mautic\\LeadBundle\\Entity\\LeadEventLogRepository',
  306 => 'Mautic\\LeadBundle\\Entity\\LeadField',
  307 => 'Mautic\\LeadBundle\\Entity\\LeadFieldRepository',
  308 => 'Mautic\\LeadBundle\\Entity\\LeadList',
  309 => 'Mautic\\LeadBundle\\Entity\\LeadListRepository',
  310 => 'Mautic\\LeadBundle\\Entity\\LeadNote',
  311 => 'Mautic\\LeadBundle\\Entity\\LeadNoteRepository',
  312 => 'Mautic\\LeadBundle\\Entity\\LeadRepository',
  313 => 'Mautic\\LeadBundle\\Entity\\ListLead',
  314 => 'Mautic\\LeadBundle\\Entity\\ListLeadRepository',
  315 => 'Mautic\\LeadBundle\\Entity\\MergeRecord',
  316 => 'Mautic\\LeadBundle\\Entity\\MergeRecordRepository',
  317 => 'Mautic\\LeadBundle\\Entity\\OperatorListTrait',
  318 => 'Mautic\\LeadBundle\\Entity\\PointsChangeLog',
  319 => 'Mautic\\LeadBundle\\Entity\\PointsChangeLogRepository',
  320 => 'Mautic\\LeadBundle\\Entity\\RegexTrait',
  321 => 'Mautic\\LeadBundle\\Entity\\StagesChangeLog',
  322 => 'Mautic\\LeadBundle\\Entity\\StagesChangeLogRepository',
  323 => 'Mautic\\LeadBundle\\Entity\\Tag',
  324 => 'Mautic\\LeadBundle\\Entity\\TagRepository',
  325 => 'Mautic\\LeadBundle\\Entity\\TimelineTrait',
  326 => 'Mautic\\LeadBundle\\Entity\\UtmTag',
  327 => 'Mautic\\LeadBundle\\Entity\\UtmTagRepository',
  328 => 'Mautic\\NotificationBundle\\Controller\\AjaxController',
  329 => 'Mautic\\NotificationBundle\\Controller\\Api\\NotificationApiController',
  330 => 'Mautic\\NotificationBundle\\Controller\\AppCallbackController',
  331 => 'Mautic\\NotificationBundle\\Controller\\JsController',
  332 => 'Mautic\\NotificationBundle\\Controller\\MobileNotificationController',
  333 => 'Mautic\\NotificationBundle\\Controller\\NotificationController',
  334 => 'Mautic\\NotificationBundle\\Controller\\PopupController',
  335 => 'Mautic\\NotificationBundle\\Entity\\Notification',
  336 => 'Mautic\\NotificationBundle\\Entity\\NotificationRepository',
  337 => 'Mautic\\NotificationBundle\\Entity\\PushID',
  338 => 'Mautic\\NotificationBundle\\Entity\\PushIDRepository',
  339 => 'Mautic\\NotificationBundle\\Entity\\Stat',
  340 => 'Mautic\\NotificationBundle\\Entity\\StatRepository',
  341 => 'Mautic\\PageBundle\\Controller\\AjaxController',
  342 => 'Mautic\\PageBundle\\Controller\\Api\\PageApiController',
  343 => 'Mautic\\PageBundle\\Controller\\PageController',
  344 => 'Mautic\\PageBundle\\Controller\\PublicController',
  345 => 'Mautic\\PageBundle\\Entity\\Hit',
  346 => 'Mautic\\PageBundle\\Entity\\HitRepository',
  347 => 'Mautic\\PageBundle\\Entity\\Page',
  348 => 'Mautic\\PageBundle\\Entity\\PageRepository',
  349 => 'Mautic\\PageBundle\\Entity\\Redirect',
  350 => 'Mautic\\PageBundle\\Entity\\RedirectRepository',
  351 => 'Mautic\\PageBundle\\Entity\\Trackable',
  352 => 'Mautic\\PageBundle\\Entity\\TrackableRepository',
  353 => 'Mautic\\PageBundle\\Entity\\VideoHit',
  354 => 'Mautic\\PageBundle\\Entity\\VideoHitRepository',
  355 => 'Mautic\\PluginBundle\\Controller\\AjaxController',
  356 => 'Mautic\\PluginBundle\\Controller\\AuthController',
  357 => 'Mautic\\PluginBundle\\Controller\\PluginController',
  358 => 'Mautic\\PluginBundle\\Entity\\Integration',
  359 => 'Mautic\\PluginBundle\\Entity\\IntegrationEntity',
  360 => 'Mautic\\PluginBundle\\Entity\\IntegrationEntityRepository',
  361 => 'Mautic\\PluginBundle\\Entity\\IntegrationRepository',
  362 => 'Mautic\\PluginBundle\\Entity\\Plugin',
  363 => 'Mautic\\PluginBundle\\Entity\\PluginRepository',
  364 => 'Mautic\\PointBundle\\Controller\\AjaxController',
  365 => 'Mautic\\PointBundle\\Controller\\Api\\PointApiController',
  366 => 'Mautic\\PointBundle\\Controller\\Api\\TriggerApiController',
  367 => 'Mautic\\PointBundle\\Controller\\PointController',
  368 => 'Mautic\\PointBundle\\Controller\\TriggerController',
  369 => 'Mautic\\PointBundle\\Controller\\TriggerEventController',
  370 => 'Mautic\\PointBundle\\Entity\\LeadPointLog',
  371 => 'Mautic\\PointBundle\\Entity\\LeadPointLogRepository',
  372 => 'Mautic\\PointBundle\\Entity\\LeadTriggerLog',
  373 => 'Mautic\\PointBundle\\Entity\\LeadTriggerLogRepository',
  374 => 'Mautic\\PointBundle\\Entity\\Point',
  375 => 'Mautic\\PointBundle\\Entity\\PointRepository',
  376 => 'Mautic\\PointBundle\\Entity\\Trigger',
  377 => 'Mautic\\PointBundle\\Entity\\TriggerEvent',
  378 => 'Mautic\\PointBundle\\Entity\\TriggerEventRepository',
  379 => 'Mautic\\PointBundle\\Entity\\TriggerRepository',
  380 => 'Mautic\\ReportBundle\\Controller\\AjaxController',
  381 => 'Mautic\\ReportBundle\\Controller\\Api\\ReportApiController',
  382 => 'Mautic\\ReportBundle\\Controller\\ReportController',
  383 => 'Mautic\\ReportBundle\\Controller\\ScheduleController',
  384 => 'Mautic\\ReportBundle\\Entity\\Report',
  385 => 'Mautic\\ReportBundle\\Entity\\ReportRepository',
  386 => 'Mautic\\ReportBundle\\Entity\\Scheduler',
  387 => 'Mautic\\ReportBundle\\Entity\\SchedulerRepository',
  388 => 'Mautic\\ReportBundle\\Scheduler\\Entity\\SchedulerEntity',
  389 => 'Mautic\\SmsBundle\\Controller\\AjaxController',
  390 => 'Mautic\\SmsBundle\\Controller\\Api\\SmsApiController',
  391 => 'Mautic\\SmsBundle\\Controller\\ReplyController',
  392 => 'Mautic\\SmsBundle\\Controller\\SmsController',
  393 => 'Mautic\\SmsBundle\\Entity\\Sms',
  394 => 'Mautic\\SmsBundle\\Entity\\SmsRepository',
  395 => 'Mautic\\SmsBundle\\Entity\\Stat',
  396 => 'Mautic\\SmsBundle\\Entity\\StatRepository',
  397 => 'Mautic\\StageBundle\\Controller\\AjaxController',
  398 => 'Mautic\\StageBundle\\Controller\\Api\\StageApiController',
  399 => 'Mautic\\StageBundle\\Controller\\StageController',
  400 => 'Mautic\\StageBundle\\Entity\\LeadStageLog',
  401 => 'Mautic\\StageBundle\\Entity\\LeadStageLogRepository',
  402 => 'Mautic\\StageBundle\\Entity\\Stage',
  403 => 'Mautic\\StageBundle\\Entity\\StageRepository',
  404 => 'Mautic\\UserBundle\\Controller\\Api\\RoleApiController',
  405 => 'Mautic\\UserBundle\\Controller\\Api\\UserApiController',
  406 => 'Mautic\\UserBundle\\Controller\\ProfileController',
  407 => 'Mautic\\UserBundle\\Controller\\PublicController',
  408 => 'Mautic\\UserBundle\\Controller\\RoleController',
  409 => 'Mautic\\UserBundle\\Controller\\SecurityController',
  410 => 'Mautic\\UserBundle\\Controller\\UserController',
  411 => 'Mautic\\UserBundle\\Entity\\IdEntry',
  412 => 'Mautic\\UserBundle\\Entity\\Permission',
  413 => 'Mautic\\UserBundle\\Entity\\PermissionRepository',
  414 => 'Mautic\\UserBundle\\Entity\\Role',
  415 => 'Mautic\\UserBundle\\Entity\\RoleRepository',
  416 => 'Mautic\\UserBundle\\Entity\\User',
  417 => 'Mautic\\UserBundle\\Entity\\UserRepository',
  418 => 'Mautic\\UserBundle\\Entity\\UserToken',
  419 => 'Mautic\\UserBundle\\Entity\\UserTokenRepository',
  420 => 'Mautic\\UserBundle\\Entity\\UserTokenRepositoryInterface',
  421 => 'Mautic\\WebhookBundle\\Controller\\AjaxController',
  422 => 'Mautic\\WebhookBundle\\Controller\\Api\\WebhookApiController',
  423 => 'Mautic\\WebhookBundle\\Controller\\WebhookController',
  424 => 'Mautic\\WebhookBundle\\Entity\\Event',
  425 => 'Mautic\\WebhookBundle\\Entity\\EventRepository',
  426 => 'Mautic\\WebhookBundle\\Entity\\Log',
  427 => 'Mautic\\WebhookBundle\\Entity\\LogRepository',
  428 => 'Mautic\\WebhookBundle\\Entity\\Webhook',
  429 => 'Mautic\\WebhookBundle\\Entity\\WebhookQueue',
  430 => 'Mautic\\WebhookBundle\\Entity\\WebhookQueueRepository',
  431 => 'Mautic\\WebhookBundle\\Entity\\WebhookRepository',
  432 => 'Oneup\\UploaderBundle\\Controller\\AbstractChunkedController',
  433 => 'Oneup\\UploaderBundle\\Controller\\AbstractController',
  434 => 'Oneup\\UploaderBundle\\Controller\\BlueimpController',
  435 => 'Oneup\\UploaderBundle\\Controller\\DropzoneController',
  436 => 'Oneup\\UploaderBundle\\Controller\\FancyUploadController',
  437 => 'Oneup\\UploaderBundle\\Controller\\FineUploaderController',
  438 => 'Oneup\\UploaderBundle\\Controller\\MooUploadController',
  439 => 'Oneup\\UploaderBundle\\Controller\\PluploadController',
  440 => 'Oneup\\UploaderBundle\\Controller\\UploadifyController',
  441 => 'Oneup\\UploaderBundle\\Controller\\YUI3Controller',
  444 => 'Symfony\\Bundle\\FrameworkBundle\\Controller\\ControllerNameParser',
  445 => 'Symfony\\Bundle\\FrameworkBundle\\Controller\\ControllerResolver',
  446 => 'Symfony\\Bundle\\FrameworkBundle\\Controller\\ControllerTrait',
  447 => 'Symfony\\Bundle\\FrameworkBundle\\Controller\\RedirectController',
  448 => 'Symfony\\Bundle\\FrameworkBundle\\Controller\\TemplateController',
  449 => 'Symfony\\Bundle\\TwigBundle\\Controller\\ExceptionController',
  450 => 'Symfony\\Bundle\\TwigBundle\\Controller\\PreviewErrorController',
  451 => 'Symfony\\Component\\HttpKernel\\Controller\\ArgumentResolver',
  452 => 'Symfony\\Component\\HttpKernel\\Controller\\ArgumentResolverInterface',
  453 => 'Symfony\\Component\\HttpKernel\\Controller\\ArgumentResolver\\DefaultValueResolver',
  454 => 'Symfony\\Component\\HttpKernel\\Controller\\ArgumentResolver\\RequestAttributeValueResolver',
  455 => 'Symfony\\Component\\HttpKernel\\Controller\\ArgumentResolver\\RequestValueResolver',
  456 => 'Symfony\\Component\\HttpKernel\\Controller\\ArgumentResolver\\ServiceValueResolver',
  457 => 'Symfony\\Component\\HttpKernel\\Controller\\ArgumentResolver\\SessionValueResolver',
  458 => 'Symfony\\Component\\HttpKernel\\Controller\\ArgumentResolver\\VariadicValueResolver',
  459 => 'Symfony\\Component\\HttpKernel\\Controller\\ArgumentValueResolverInterface',
  460 => 'Symfony\\Component\\HttpKernel\\Controller\\ContainerControllerResolver',
  461 => 'Symfony\\Component\\HttpKernel\\Controller\\ControllerReference',
  462 => 'Symfony\\Component\\HttpKernel\\Controller\\ControllerResolver',
  463 => 'Symfony\\Component\\HttpKernel\\Controller\\ControllerResolverInterface',
  464 => 'Symfony\\Component\\HttpKernel\\Controller\\TraceableArgumentResolver',
  465 => 'Symfony\\Component\\HttpKernel\\Controller\\TraceableControllerResolver',
  466 => 'Twilio\\Rest\\Authy\\V1\\Service\\Entity\\FactorContext',
  467 => 'Twilio\\Rest\\Authy\\V1\\Service\\Entity\\FactorInstance',
  468 => 'Twilio\\Rest\\Authy\\V1\\Service\\Entity\\FactorList',
  469 => 'Twilio\\Rest\\Authy\\V1\\Service\\Entity\\FactorOptions',
  470 => 'Twilio\\Rest\\Authy\\V1\\Service\\Entity\\FactorPage',
  471 => 'Twilio\\Rest\\Authy\\V1\\Service\\Entity\\Factor\\ChallengeContext',
  472 => 'Twilio\\Rest\\Authy\\V1\\Service\\Entity\\Factor\\ChallengeInstance',
  473 => 'Twilio\\Rest\\Authy\\V1\\Service\\Entity\\Factor\\ChallengeList',
  474 => 'Twilio\\Rest\\Authy\\V1\\Service\\Entity\\Factor\\ChallengeOptions',
  475 => 'Twilio\\Rest\\Authy\\V1\\Service\\Entity\\Factor\\ChallengePage',
  476 => 'Twilio\\Rest\\Authy\\V1\\Service\\Entity\\Factor\\CreateChallengeOptions',
  477 => 'Twilio\\Rest\\Authy\\V1\\Service\\Entity\\Factor\\UpdateChallengeOptions',
  478 => 'Twilio\\Rest\\Authy\\V1\\Service\\Entity\\UpdateFactorOptions',
);